[0.010s][info][gc] Using G1
[0.012s][info][gc,init] Version: 15.0.1+9-18 (release)
[0.012s][info][gc,init] CPUs: 6 total, 6 available
[0.012s][info][gc,init] Memory: 16193M
[0.012s][info][gc,init] Large Page Support: Disabled
[0.012s][info][gc,init] NUMA Support: Disabled
[0.012s][info][gc,init] Compressed Oops: Enabled (32-bit)
[0.012s][info][gc,init] Heap Region Size: 1M
[0.012s][info][gc,init] Heap Min Capacity: 200M
[0.012s][info][gc,init] Heap Initial Capacity: 200M
[0.012s][info][gc,init] Heap Max Capacity: 200M
[0.012s][info][gc,init] Pre-touch: Disabled
[0.012s][info][gc,init] Parallel Workers: 6
[0.012s][info][gc,init] Concurrent Workers: 2
[0.012s][info][gc,init] Concurrent Refinement Workers: 6
[0.012s][info][gc,init] Periodic GC: Disabled
[0.013s][info][gc,metaspace] CDS archive(s) mapped at: [0x0000000800000000-0x0000000800b50000-0x0000000800b50000), size 11862016, SharedBaseAddress: 0x0000000800000000, ArchiveRelocationMode: 0.
[0.013s][info][gc,metaspace] Compressed class space mapped at: 0x0000000800b50000-0x0000000800d50000, size: 2097152
[0.013s][info][gc,metaspace] Narrow klass base: 0x0000000800000000, Narrow klass shift: 3, Narrow klass range: 0x100000000
[0.929s][info][gc,start    ] GC(0) Pause Young (Concurrent Start) (Metadata GC Threshold)
[0.929s][info][gc,task     ] GC(0) Using 4 workers of 6 for evacuation
[0.942s][info][gc,phases   ] GC(0)   Pre Evacuate Collection Set: 0.2ms
[0.942s][info][gc,phases   ] GC(0)   Merge Heap Roots: 0.0ms
[0.942s][info][gc,phases   ] GC(0)   Evacuate Collection Set: 11.4ms
[0.942s][info][gc,phases   ] GC(0)   Post Evacuate Collection Set: 0.5ms
[0.942s][info][gc,phases   ] GC(0)   Other: 0.5ms
[0.942s][info][gc,heap     ] GC(0) Eden regions: 110->0(146)
[0.942s][info][gc,heap     ] GC(0) Survivor regions: 0->4(19)
[0.942s][info][gc,heap     ] GC(0) Old regions: 0->0
[0.942s][info][gc,heap     ] GC(0) Archive regions: 0->0
[0.942s][info][gc,heap     ] GC(0) Humongous regions: 0->0
[0.942s][info][gc,metaspace] GC(0) Metaspace: 6963K(10240K)->6963K(10240K) NonClass: 6452K(9344K)->6452K(9344K) Class: 511K(896K)->511K(896K)
[0.942s][info][gc          ] GC(0) Pause Young (Concurrent Start) (Metadata GC Threshold) 110M->3M(200M) 12.848ms
[0.942s][info][gc,cpu      ] GC(0) User=0.03s Sys=0.00s Real=0.02s
[0.942s][info][gc          ] GC(1) Concurrent Cycle
[0.942s][info][gc,marking  ] GC(1) Concurrent Clear Claimed Marks
[0.942s][info][gc,marking  ] GC(1) Concurrent Clear Claimed Marks 0.018ms
[0.942s][info][gc,marking  ] GC(1) Concurrent Scan Root Regions
[0.944s][info][gc,marking  ] GC(1) Concurrent Scan Root Regions 1.671ms
[0.944s][info][gc,marking  ] GC(1) Concurrent Mark (0.944s)
[0.944s][info][gc,marking  ] GC(1) Concurrent Mark From Roots
[0.944s][info][gc,task     ] GC(1) Using 2 workers of 2 for marking
[0.944s][info][gc,task     ] GC(2) Using 4 workers of 6 for full compaction
[0.944s][info][gc,start    ] GC(2) Pause Full (Metadata GC Threshold)
[0.945s][info][gc,phases,start] GC(2) Phase 1: Mark live objects
[0.947s][info][gc,phases      ] GC(2) Phase 1: Mark live objects 2.054ms
[0.947s][info][gc,phases,start] GC(2) Phase 2: Prepare for compaction
[0.947s][info][gc,phases      ] GC(2) Phase 2: Prepare for compaction 0.433ms
[0.947s][info][gc,phases,start] GC(2) Phase 3: Adjust pointers
[0.948s][info][gc,phases      ] GC(2) Phase 3: Adjust pointers 0.992ms
[0.948s][info][gc,phases,start] GC(2) Phase 4: Compact heap
[0.949s][info][gc,phases      ] GC(2) Phase 4: Compact heap 1.034ms
[0.950s][info][gc,heap        ] GC(2) Eden regions: 0->0(150)
[0.950s][info][gc,heap        ] GC(2) Survivor regions: 4->0(19)
[0.950s][info][gc,heap        ] GC(2) Old regions: 0->4
[0.950s][info][gc,heap        ] GC(2) Archive regions: 0->0
[0.950s][info][gc,heap        ] GC(2) Humongous regions: 0->0
[0.950s][info][gc,metaspace   ] GC(2) Metaspace: 6963K(10240K)->6963K(10240K) NonClass: 6452K(9344K)->6452K(9344K) Class: 511K(896K)->511K(896K)
[0.950s][info][gc             ] GC(2) Pause Full (Metadata GC Threshold) 3M->3M(200M) 5.981ms
[0.950s][info][gc,cpu         ] GC(2) User=0.00s Sys=0.00s Real=0.01s
[0.950s][info][gc,task        ] GC(3) Using 4 workers of 6 for full compaction
[0.950s][info][gc,start       ] GC(3) Pause Full (Metadata GC Clear Soft References)
[0.950s][info][gc,phases,start] GC(3) Phase 1: Mark live objects
[0.952s][info][gc,phases      ] GC(3) Phase 1: Mark live objects 1.457ms
[0.952s][info][gc,phases,start] GC(3) Phase 2: Prepare for compaction
[0.952s][info][gc,phases      ] GC(3) Phase 2: Prepare for compaction 0.260ms
[0.952s][info][gc,phases,start] GC(3) Phase 3: Adjust pointers
[0.953s][info][gc,phases      ] GC(3) Phase 3: Adjust pointers 0.752ms
[0.953s][info][gc,phases,start] GC(3) Phase 4: Compact heap
[0.953s][info][gc,phases      ] GC(3) Phase 4: Compact heap 0.508ms
[0.954s][info][gc,heap        ] GC(3) Eden regions: 0->0(150)
[0.954s][info][gc,heap        ] GC(3) Survivor regions: 0->0(19)
[0.954s][info][gc,heap        ] GC(3) Old regions: 4->4
[0.954s][info][gc,heap        ] GC(3) Archive regions: 0->0
[0.954s][info][gc,heap        ] GC(3) Humongous regions: 0->0
[0.954s][info][gc,metaspace   ] GC(3) Metaspace: 6963K(10240K)->6961K(10240K) NonClass: 6452K(9344K)->6450K(9344K) Class: 511K(896K)->510K(896K)
[0.954s][info][gc             ] GC(3) Pause Full (Metadata GC Clear Soft References) 3M->1M(200M) 3.759ms
[0.954s][info][gc,cpu         ] GC(3) User=0.00s Sys=0.00s Real=0.00s
[0.954s][info][gc,marking     ] GC(1) Concurrent Mark From Roots 10.645ms
[0.954s][info][gc,marking     ] GC(1) Concurrent Mark Abort
[0.954s][info][gc,metaspace,freelist,oom] Metaspace (data) allocation failed for size 217
[0.954s][info][gc                       ] GC(1) Concurrent Cycle 12.466ms
[0.954s][info][gc,metaspace,freelist,oom] 
[0.955s][info][gc,metaspace,freelist,oom] Usage:
[0.955s][info][gc,metaspace,freelist,oom]   Non-class:      9.09 MB capacity,     6.30 MB ( 69%) used,     2.78 MB ( 31%) free+waste,     6.12 KB ( <1%) overhead. 
[0.955s][info][gc,metaspace,freelist,oom]       Class:    813.00 KB capacity,   510.81 KB ( 63%) used,   300.75 KB ( 37%) free+waste,     1.44 KB ( <1%) overhead. 
[0.955s][info][gc,metaspace,freelist,oom]        Both:      9.88 MB capacity,     6.80 MB ( 69%) used,     3.08 MB ( 31%) free+waste,     7.56 KB ( <1%) overhead. 
[0.955s][info][gc,metaspace,freelist,oom] 
[0.955s][info][gc,metaspace,freelist,oom] Virtual space:
[0.955s][info][gc,metaspace,freelist,oom]   Non-class space:       10.00 MB reserved,       9.12 MB ( 91%) committed 
[0.955s][info][gc,metaspace,freelist,oom]       Class space:        2.00 MB reserved,     896.00 KB ( 44%) committed 
[0.955s][info][gc,metaspace,freelist,oom]              Both:       12.00 MB reserved,      10.00 MB ( 83%) committed 
[0.955s][info][gc,metaspace,freelist,oom] 
[0.955s][info][gc,metaspace,freelist,oom] Chunk freelists:
[0.955s][info][gc,metaspace,freelist,oom]    Non-Class:  36.00 KB
[0.955s][info][gc,metaspace,freelist,oom]        Class:  19.00 KB
[0.955s][info][gc,metaspace,freelist,oom]         Both:  55.00 KB
[0.955s][info][gc,metaspace,freelist,oom] 
[0.955s][info][gc,metaspace,freelist,oom] MaxMetaspaceSize: 10.00 MB
[0.955s][info][gc,metaspace,freelist,oom] CompressedClassSpaceSize: 2.00 MB
[0.955s][info][gc,metaspace,freelist,oom] 
[0.958s][info][gc,heap,exit             ] Heap
[0.958s][info][gc,heap,exit             ]  garbage-first heap   total 204800K, used 1993K [0x00000000f3800000, 0x0000000100000000)
[0.958s][info][gc,heap,exit             ]   region size 1024K, 1 young (1024K), 0 survivors (0K)
[0.958s][info][gc,heap,exit             ]  Metaspace       used 6977K, capacity 10121K, committed 10240K, reserved 12288K
[0.958s][info][gc,heap,exit             ]   class space    used 512K, capacity 813K, committed 896K, reserved 2048K
